{
  "name": "Pencil-Components",
  "lastModified": "2021-08-20T09:32:08Z",
  "thumbnailUrl": "https://s3-alpha-sig.figma.com/thumbnails/7c54e8ce-f86b-4fda-96d3-f2bf6c764af7?Expires=1630886400&Signature=CnK-oocK2At6c1l8S~iqSqcBbVE5AbXn-VNHSbaO3CNyDzdFrPuRPO3rareYbA1Gn1XDy8iyhrzSgDq96W0dAqz6zKM76KZzKrDydLOIFPJfMzqJSGBYb0jFG2uk5RVO-1IYGvv2gGfapkvlLH8D2v~CLoY4Jkg1gmveY77AO~4fCwIM3~XI7dlofx0uIe7WhUvNimkra--E1Y7MuKF0VycwYgI3a4PaR9vQsQwJbH1YoSBdrLxy7yF5bE9TNKTENJIVSS0yZjjthoQP6srbQQz-~hGzuaG9~lIfna1NfKePkcZtURwMm6wNvEK4r7dLXuz1lkSQSREL5B~B1ob-sw__&Key-Pair-Id=APKAINTVSUGEWH5XD5UA",
  "version": "1068002784",
  "role": "editor",
  "nodes": {
    "302:1624": {
      "document": {
        "id": "302:1624",
        "name": "math-symbol/alpha",
        "type": "COMPONENT_SET",
        "blendMode": "PASS_THROUGH",
        "children": [
          {
            "id": "0:10791",
            "name": "size=small",
            "type": "COMPONENT",
            "blendMode": "PASS_THROUGH",
            "children": [
              {
                "id": "302:1682",
                "name": "Vector",
                "type": "VECTOR",
                "blendMode": "PASS_THROUGH",
                "absoluteBoundingBox": {
                  "x": 6,
                  "y": -68,
                  "width": 13,
                  "height": 13
                },
                "constraints": {
                  "vertical": "SCALE",
                  "horizontal": "SCALE"
                },
                "relativeTransform": [
                  [1, 0, 6],
                  [0, 1, 6]
                ],
                "size": {
                  "x": 13,
                  "y": 13
                },
                "fills": [
                  {
                    "blendMode": "NORMAL",
                    "type": "SOLID",
                    "color": {
                      "r": 0,
                      "g": 0,
                      "b": 0,
                      "a": 1
                    }
                  }
                ],
                "fillGeometry": [
                  {
                    "path": "M11.649 0.361L9.377 0.361L8.561 4.164C8.106 2.691 7.584 1.629 6.996 0.977C6.407 0.326 5.654 0 4.736 0C3.434 0 2.319 0.57 1.39 1.714C0.464 2.857 0 4.454 0 6.507C0 8.595 0.424 10.2 1.272 11.32C2.119 12.44 3.26 13 4.695 13C6.8 13 8.315 12.023 9.241 10.068C9.509 11.255 9.759 12.041 9.991 12.424C10.223 12.808 10.575 13 11.047 13C11.618 13 12.079 12.681 12.432 12.043C12.784 11.405 12.973 10.568 13 9.533L12.519 9.533C12.492 10.639 12.077 11.193 11.275 11.193C10.597 11.193 10.08 10.371 9.723 8.729C9.822 8.461 10.004 7.738 10.272 6.561L11.649 0.361ZM6.794 2.243C7.311 3.05 7.779 4.173 8.199 5.61L7.838 7.404C7.187 10.599 6.183 12.197 4.828 12.197C3.268 12.197 2.488 10.385 2.488 6.761C2.488 2.941 3.303 1.031 4.935 1.031C5.657 1.031 6.277 1.435 6.794 2.243Z",
                    "windingRule": "EVENODD"
                  }
                ],
                "strokes": [],
                "strokeWeight": 0,
                "strokeAlign": "CENTER",
                "strokeGeometry": [],
                "styles": {
                  "fill": "5:2"
                },
                "effects": []
              }
            ],
            "absoluteBoundingBox": {
              "x": 0,
              "y": -74,
              "width": 24,
              "height": 24
            },
            "constraints": {
              "vertical": "SCALE",
              "horizontal": "SCALE"
            },
            "relativeTransform": [
              [1, 0, 20],
              [0, 1, 20]
            ],
            "size": {
              "x": 24,
              "y": 24
            },
            "clipsContent": false,
            "background": [],
            "fills": [],
            "strokes": [],
            "strokeWeight": 1,
            "strokeAlign": "INSIDE",
            "backgroundColor": {
              "r": 0,
              "g": 0,
              "b": 0,
              "a": 0
            },
            "exportSettings": [],
            "effects": []
          },
          {
            "id": "0:10799",
            "name": "size=normal",
            "type": "COMPONENT",
            "blendMode": "PASS_THROUGH",
            "children": [
              {
                "id": "302:1680",
                "name": "Vector",
                "type": "VECTOR",
                "blendMode": "PASS_THROUGH",
                "absoluteBoundingBox": {
                  "x": 16,
                  "y": 98,
                  "width": 34.66667175292969,
                  "height": 34.6640625
                },
                "constraints": {
                  "vertical": "SCALE",
                  "horizontal": "SCALE"
                },
                "relativeTransform": [
                  [1, 0, 16],
                  [0, 1, 16]
                ],
                "size": {
                  "x": 34.66667175292969,
                  "y": 34.6640625
                },
                "fills": [
                  {
                    "blendMode": "NORMAL",
                    "type": "SOLID",
                    "color": {
                      "r": 0,
                      "g": 0,
                      "b": 0,
                      "a": 1
                    }
                  }
                ],
                "fillGeometry": [
                  {
                    "path": "M31.064 0.962594L25.0053 0.962594L22.8293 11.1032C21.616 7.17546 20.224 4.34367 18.656 2.60514C17.0853 0.869268 15.0773 0 12.6293 0C9.15734 0 6.184 1.51989 3.70667 4.57032C1.23733 7.61809 0 11.8764 0 17.3507C0 22.9183 1.13067 27.198 3.392 30.1844C5.65067 33.1708 8.69333 34.6641 12.52 34.6641C18.1333 34.6641 22.1733 32.0589 24.6427 26.846C25.3573 30.0111 26.024 32.1069 26.6427 33.1282C27.2613 34.1521 28.2 34.6641 29.4587 34.6641C30.9813 34.6641 32.2107 33.8135 33.152 32.1123C34.0907 30.411 34.5947 28.1792 34.6667 25.4194L33.384 25.4194C33.312 28.3685 32.2053 29.8458 30.0667 29.8458C28.2587 29.8458 26.88 27.6539 25.928 23.2756C26.192 22.561 26.6773 20.6331 27.392 17.4947L31.064 0.962594ZM18.1173 5.98088C19.496 8.13272 20.744 11.1272 21.864 14.9589L21.8613 14.9589L20.9013 19.7425C19.1653 28.2619 16.488 32.5229 12.8747 32.5229C8.71467 32.5229 6.63467 27.6913 6.63467 18.028C6.63467 7.84208 8.808 2.74913 13.16 2.74913C15.0853 2.74913 16.7387 3.82638 18.1173 5.98088Z",
                    "windingRule": "EVENODD"
                  }
                ],
                "strokes": [],
                "strokeWeight": 0,
                "strokeAlign": "CENTER",
                "strokeGeometry": [],
                "styles": {
                  "fill": "5:2"
                },
                "effects": []
              }
            ],
            "absoluteBoundingBox": {
              "x": 0,
              "y": 82,
              "width": 64,
              "height": 64
            },
            "constraints": {
              "vertical": "SCALE",
              "horizontal": "SCALE"
            },
            "relativeTransform": [
              [1, 0, 20],
              [0, 1, 176]
            ],
            "size": {
              "x": 64,
              "y": 64
            },
            "clipsContent": false,
            "background": [],
            "fills": [],
            "strokes": [],
            "strokeWeight": 1,
            "strokeAlign": "INSIDE",
            "backgroundColor": {
              "r": 0,
              "g": 0,
              "b": 0,
              "a": 0
            },
            "exportSettings": [],
            "effects": []
          },
          {
            "id": "0:10795",
            "name": "size=medium",
            "type": "COMPONENT",
            "blendMode": "PASS_THROUGH",
            "children": [
              {
                "id": "302:1681",
                "name": "Vector",
                "type": "VECTOR",
                "blendMode": "PASS_THROUGH",
                "absoluteBoundingBox": {
                  "x": 8,
                  "y": 8,
                  "width": 17.333335876464844,
                  "height": 17.3359375
                },
                "constraints": {
                  "vertical": "SCALE",
                  "horizontal": "SCALE"
                },
                "relativeTransform": [
                  [1, 0, 8],
                  [0, 1, 8]
                ],
                "size": {
                  "x": 17.333335876464844,
                  "y": 17.3359375
                },
                "fills": [
                  {
                    "blendMode": "NORMAL",
                    "type": "SOLID",
                    "color": {
                      "r": 0,
                      "g": 0,
                      "b": 0,
                      "a": 1
                    }
                  }
                ],
                "fillGeometry": [
                  {
                    "path": "M15.532 0.481406L12.5027 0.481406L11.4147 5.55283C10.808 3.58854 10.112 2.17233 9.328 1.30286C8.54267 0.434732 7.53867 0 6.31467 0C4.57867 0 3.092 0.760114 1.85333 2.28568C0.618667 3.80991 0 5.93956 0 8.6773C0 11.4617 0.565333 13.602 1.696 15.0956C2.82533 16.5892 4.34667 17.3359 6.26 17.3359C9.06667 17.3359 11.0867 16.0331 12.3213 13.426C12.6787 15.0089 13.012 16.0571 13.3213 16.5678C13.6307 17.0799 14.1 17.3359 14.7293 17.3359C15.4907 17.3359 16.1053 16.9105 16.576 16.0597C17.0453 15.209 17.2973 14.0928 17.3333 12.7126L16.692 12.7126C16.656 14.1875 16.1027 14.9262 15.0333 14.9262C14.1293 14.9262 13.44 13.8301 12.964 11.6404C13.096 11.283 13.3387 10.3189 13.696 8.74931L15.532 0.481406ZM9.05867 2.99112C9.748 4.06728 10.372 5.56484 10.932 7.48112L10.9307 7.48112L10.4507 9.87348C9.58267 14.1341 8.244 16.2651 6.43733 16.2651C4.35733 16.2651 3.31733 13.8487 3.31733 9.01602C3.31733 3.92192 4.404 1.37487 6.58 1.37487C7.54267 1.37487 8.36933 1.91362 9.05867 2.99112Z",
                    "windingRule": "EVENODD"
                  }
                ],
                "strokes": [],
                "strokeWeight": 0,
                "strokeAlign": "CENTER",
                "strokeGeometry": [],
                "styles": {
                  "fill": "5:2"
                },
                "effects": []
              }
            ],
            "absoluteBoundingBox": {
              "x": 0,
              "y": 0,
              "width": 32,
              "height": 32
            },
            "constraints": {
              "vertical": "SCALE",
              "horizontal": "SCALE"
            },
            "relativeTransform": [
              [1, 0, 20],
              [0, 1, 94]
            ],
            "size": {
              "x": 32,
              "y": 32
            },
            "clipsContent": false,
            "background": [],
            "fills": [],
            "strokes": [],
            "strokeWeight": 1,
            "strokeAlign": "INSIDE",
            "backgroundColor": {
              "r": 0,
              "g": 0,
              "b": 0,
              "a": 0
            },
            "exportSettings": [],
            "effects": []
          }
        ],
        "absoluteBoundingBox": {
          "x": -20,
          "y": -94,
          "width": 104,
          "height": 260
        },
        "constraints": {
          "vertical": "TOP",
          "horizontal": "LEFT"
        },
        "relativeTransform": [
          [1, 0, -20],
          [0, 1, -94]
        ],
        "size": {
          "x": 104,
          "y": 260
        },
        "clipsContent": true,
        "background": [],
        "fills": [],
        "strokes": [
          {
            "blendMode": "NORMAL",
            "type": "SOLID",
            "color": {
              "r": 0.48235294222831726,
              "g": 0.3803921639919281,
              "b": 1,
              "a": 1
            }
          }
        ],
        "cornerRadius": 5,
        "strokeWeight": 1,
        "strokeAlign": "INSIDE",
        "backgroundColor": {
          "r": 0,
          "g": 0,
          "b": 0,
          "a": 0
        },
        "effects": []
      },
      "components": {
        "0:10791": {
          "key": "6d6a83ef2554876c6a06afd1863439b1c7ad497a",
          "name": "size=small",
          "description": "",
          "documentationLinks": []
        },
        "0:10799": {
          "key": "b6e5da3fe3fad1fe15d3395183027b5c226b7474",
          "name": "size=normal",
          "description": "",
          "documentationLinks": []
        },
        "0:10795": {
          "key": "08c13b0c14b435b09f064442796e99a19801711f",
          "name": "size=medium",
          "description": "",
          "documentationLinks": []
        }
      },
      "schemaVersion": 0,
      "styles": {
        "5:2": {
          "key": "0d307b6ad9641c22e258b2d20a98b4222ad56474",
          "name": "Core/500 Black Base",
          "styleType": "FILL",
          "description": ""
        }
      }
    }
  }
}
