{
  "name": "Pencil-Components",
  "lastModified": "2021-08-20T09:32:08Z",
  "thumbnailUrl": "https://s3-alpha-sig.figma.com/thumbnails/7c54e8ce-f86b-4fda-96d3-f2bf6c764af7?Expires=1630886400&Signature=CnK-oocK2At6c1l8S~iqSqcBbVE5AbXn-VNHSbaO3CNyDzdFrPuRPO3rareYbA1Gn1XDy8iyhrzSgDq96W0dAqz6zKM76KZzKrDydLOIFPJfMzqJSGBYb0jFG2uk5RVO-1IYGvv2gGfapkvlLH8D2v~CLoY4Jkg1gmveY77AO~4fCwIM3~XI7dlofx0uIe7WhUvNimkra--E1Y7MuKF0VycwYgI3a4PaR9vQsQwJbH1YoSBdrLxy7yF5bE9TNKTENJIVSS0yZjjthoQP6srbQQz-~hGzuaG9~lIfna1NfKePkcZtURwMm6wNvEK4r7dLXuz1lkSQSREL5B~B1ob-sw__&Key-Pair-Id=APKAINTVSUGEWH5XD5UA",
  "version": "1068002784",
  "role": "editor",
  "nodes": {
    "380:1074": {
      "document": {
        "id": "380:1074",
        "name": "radio",
        "type": "COMPONENT_SET",
        "blendMode": "PASS_THROUGH",
        "children": [
          {
            "id": "380:1075",
            "name": "size=xxs, checked=true",
            "type": "COMPONENT",
            "blendMode": "PASS_THROUGH",
            "children": [
              {
                "id": "380:1076",
                "name": "Frame 3",
                "type": "FRAME",
                "blendMode": "PASS_THROUGH",
                "children": [
                  {
                    "id": "380:1077",
                    "name": "Group 1",
                    "type": "GROUP",
                    "blendMode": "PASS_THROUGH",
                    "children": [
                      {
                        "id": "380:1087",
                        "name": "Rectangle",
                        "type": "RECTANGLE",
                        "blendMode": "PASS_THROUGH",
                        "absoluteBoundingBox": {
                          "x": -211,
                          "y": 103,
                          "width": 16,
                          "height": 16
                        },
                        "constraints": {
                          "vertical": "SCALE",
                          "horizontal": "SCALE"
                        },
                        "relativeTransform": [
                          [1, 0, 0],
                          [0, 1, 0]
                        ],
                        "size": {
                          "x": 16,
                          "y": 16
                        },
                        "fills": [
                          {
                            "blendMode": "NORMAL",
                            "type": "SOLID",
                            "color": {
                              "r": 1,
                              "g": 1,
                              "b": 1,
                              "a": 1
                            }
                          }
                        ],
                        "fillGeometry": [
                          {
                            "path": "M0 8C0 3.58172 3.58172 0 8 0L8 0C12.4183 0 16 3.58172 16 8L16 8C16 12.4183 12.4183 16 8 16L8 16C3.58172 16 0 12.4183 0 8L0 8Z",
                            "windingRule": "NONZERO"
                          }
                        ],
                        "strokes": [
                          {
                            "blendMode": "NORMAL",
                            "type": "SOLID",
                            "color": {
                              "r": 0.30980393290519714,
                              "g": 0.7019608020782471,
                              "b": 0.9647058844566345,
                              "a": 1
                            }
                          }
                        ],
                        "strokeWeight": 2,
                        "strokeAlign": "INSIDE",
                        "strokeGeometry": [
                          {
                            "path": "M8 14C4.68629 14 2 11.3137 2 8L-2 8C-2 13.5228 2.47715 18 8 18L8 14ZM14 8C14 11.3137 11.3137 14 8 14L8 18C13.5228 18 18 13.5228 18 8L14 8ZM8 2C11.3137 2 14 4.68629 14 8L18 8C18 2.47715 13.5228 -2 8 -2L8 2ZM8 -2C2.47715 -2 -2 2.47715 -2 8L2 8C2 4.68629 4.68629 2 8 2L8 -2Z",
                            "windingRule": "NONZERO"
                          }
                        ],
                        "styles": {
                          "fill": "5:3",
                          "stroke": "5:9"
                        },
                        "exportSettings": [],
                        "effects": [],
                        "cornerRadius": 8
                      },
                      {
                        "id": "380:1088",
                        "name": "Ellipse 1",
                        "type": "ELLIPSE",
                        "blendMode": "PASS_THROUGH",
                        "absoluteBoundingBox": {
                          "x": -207,
                          "y": 107,
                          "width": 8,
                          "height": 8
                        },
                        "preserveRatio": true,
                        "constraints": {
                          "vertical": "SCALE",
                          "horizontal": "SCALE"
                        },
                        "relativeTransform": [
                          [1, 0, 4],
                          [0, 1, 4]
                        ],
                        "size": {
                          "x": 8,
                          "y": 8
                        },
                        "fills": [
                          {
                            "blendMode": "NORMAL",
                            "type": "SOLID",
                            "color": {
                              "r": 0.30980393290519714,
                              "g": 0.7019608020782471,
                              "b": 0.9647058844566345,
                              "a": 1
                            }
                          }
                        ],
                        "fillGeometry": [
                          {
                            "path": "M8 4C8 6.20914 6.20914 8 4 8C1.79086 8 0 6.20914 0 4C0 1.79086 1.79086 0 4 0C6.20914 0 8 1.79086 8 4Z",
                            "windingRule": "NONZERO"
                          }
                        ],
                        "strokes": [],
                        "strokeWeight": 1,
                        "strokeAlign": "INSIDE",
                        "strokeGeometry": [],
                        "styles": {
                          "fill": "5:9"
                        },
                        "effects": []
                      }
                    ],
                    "absoluteBoundingBox": {
                      "x": -211,
                      "y": 103,
                      "width": 16,
                      "height": 16
                    },
                    "constraints": {
                      "vertical": "TOP",
                      "horizontal": "LEFT"
                    },
                    "relativeTransform": [
                      [1, 0, 0],
                      [0, 1, 2]
                    ],
                    "size": {
                      "x": 16,
                      "y": 16
                    },
                    "layoutAlign": "INHERIT",
                    "layoutGrow": 0,
                    "clipsContent": false,
                    "background": [],
                    "fills": [],
                    "strokes": [],
                    "strokeWeight": 1,
                    "strokeAlign": "INSIDE",
                    "backgroundColor": {
                      "r": 0,
                      "g": 0,
                      "b": 0,
                      "a": 0
                    },
                    "effects": []
                  }
                ],
                "absoluteBoundingBox": {
                  "x": -211,
                  "y": 101,
                  "width": 16,
                  "height": 20
                },
                "constraints": {
                  "vertical": "TOP",
                  "horizontal": "LEFT"
                },
                "relativeTransform": [
                  [1, 0, 0],
                  [0, 1, 2]
                ],
                "size": {
                  "x": 16,
                  "y": 20
                },
                "layoutAlign": "INHERIT",
                "layoutGrow": 0,
                "clipsContent": false,
                "background": [],
                "fills": [],
                "strokes": [],
                "strokeWeight": 1,
                "strokeAlign": "INSIDE",
                "backgroundColor": {
                  "r": 0,
                  "g": 0,
                  "b": 0,
                  "a": 0
                },
                "layoutMode": "HORIZONTAL",
                "itemSpacing": 10,
                "counterAxisAlignItems": "CENTER",
                "paddingTop": 2,
                "paddingBottom": 2,
                "effects": []
              },
              {
                "id": "380:1080",
                "name": "Text here",
                "type": "TEXT",
                "blendMode": "PASS_THROUGH",
                "absoluteBoundingBox": {
                  "x": -179,
                  "y": 101,
                  "width": 63,
                  "height": 20
                },
                "constraints": {
                  "vertical": "TOP",
                  "horizontal": "LEFT"
                },
                "relativeTransform": [
                  [1, 0, 32],
                  [0, 1, 2]
                ],
                "size": {
                  "x": 63,
                  "y": 20
                },
                "layoutAlign": "INHERIT",
                "layoutGrow": 0,
                "fills": [
                  {
                    "blendMode": "NORMAL",
                    "type": "SOLID",
                    "color": {
                      "r": 0,
                      "g": 0,
                      "b": 0,
                      "a": 1
                    }
                  }
                ],
                "strokes": [],
                "strokeWeight": 1,
                "strokeAlign": "OUTSIDE",
                "strokeGeometry": [],
                "effects": [],
                "characters": "Text here",
                "style": {
                  "fontFamily": "ProximaNova",
                  "fontPostScriptName": "ProximaNova-Bold",
                  "fontWeight": 700,
                  "textAutoResize": "WIDTH_AND_HEIGHT",
                  "fontSize": 15,
                  "textAlignHorizontal": "LEFT",
                  "textAlignVertical": "CENTER",
                  "letterSpacing": 0,
                  "lineHeightPx": 20,
                  "lineHeightPercent": 113.77777862548828,
                  "lineHeightPercentFontSize": 133.3333282470703,
                  "lineHeightUnit": "PIXELS"
                },
                "characterStyleOverrides": [],
                "styleOverrideTable": {},
                "styles": {
                  "text": "273:4794"
                }
              }
            ],
            "absoluteBoundingBox": {
              "x": -211,
              "y": 99,
              "width": 95,
              "height": 24
            },
            "constraints": {
              "vertical": "SCALE",
              "horizontal": "SCALE"
            },
            "relativeTransform": [
              [1, 0, 11],
              [0, 1, 176]
            ],
            "size": {
              "x": 95,
              "y": 24
            },
            "clipsContent": false,
            "background": [],
            "fills": [],
            "strokes": [],
            "strokeWeight": 1,
            "strokeAlign": "INSIDE",
            "backgroundColor": {
              "r": 0,
              "g": 0,
              "b": 0,
              "a": 0
            },
            "layoutMode": "HORIZONTAL",
            "itemSpacing": 16,
            "paddingTop": 2,
            "paddingBottom": 2,
            "exportSettings": [],
            "effects": []
          },
          {
            "id": "380:1113",
            "name": "size=s, checked=true",
            "type": "COMPONENT",
            "blendMode": "PASS_THROUGH",
            "children": [
              {
                "id": "380:1115",
                "name": "Group 1",
                "type": "GROUP",
                "blendMode": "PASS_THROUGH",
                "children": [
                  {
                    "id": "380:1120",
                    "name": "Rectangle",
                    "type": "RECTANGLE",
                    "blendMode": "PASS_THROUGH",
                    "absoluteBoundingBox": {
                      "x": -211,
                      "y": -5,
                      "width": 32,
                      "height": 32
                    },
                    "constraints": {
                      "vertical": "SCALE",
                      "horizontal": "SCALE"
                    },
                    "relativeTransform": [
                      [1, 0, 0],
                      [0, 1, 0]
                    ],
                    "size": {
                      "x": 32,
                      "y": 32
                    },
                    "fills": [
                      {
                        "blendMode": "NORMAL",
                        "type": "SOLID",
                        "color": {
                          "r": 1,
                          "g": 1,
                          "b": 1,
                          "a": 1
                        }
                      }
                    ],
                    "fillGeometry": [
                      {
                        "path": "M0 16C0 7.16344 7.16344 0 16 0L16 0C24.8366 0 32 7.16344 32 16L32 16C32 24.8366 24.8366 32 16 32L16 32C7.16344 32 0 24.8366 0 16L0 16Z",
                        "windingRule": "NONZERO"
                      }
                    ],
                    "strokes": [
                      {
                        "blendMode": "NORMAL",
                        "type": "SOLID",
                        "color": {
                          "r": 0.30980393290519714,
                          "g": 0.7019608020782471,
                          "b": 0.9647058844566345,
                          "a": 1
                        }
                      }
                    ],
                    "strokeWeight": 2,
                    "strokeAlign": "INSIDE",
                    "strokeGeometry": [
                      {
                        "path": "M16 30C8.26801 30 2 23.732 2 16L-2 16C-2 25.9411 6.05887 34 16 34L16 30ZM30 16C30 23.732 23.732 30 16 30L16 34C25.9411 34 34 25.9411 34 16L30 16ZM16 2C23.732 2 30 8.26801 30 16L34 16C34 6.05887 25.9411 -2 16 -2L16 2ZM16 -2C6.05887 -2 -2 6.05887 -2 16L2 16C2 8.26801 8.26801 2 16 2L16 -2Z",
                        "windingRule": "NONZERO"
                      }
                    ],
                    "styles": {
                      "fill": "5:3",
                      "stroke": "5:9"
                    },
                    "exportSettings": [],
                    "effects": [],
                    "cornerRadius": 16
                  },
                  {
                    "id": "380:1121",
                    "name": "Ellipse 2",
                    "type": "ELLIPSE",
                    "blendMode": "PASS_THROUGH",
                    "absoluteBoundingBox": {
                      "x": -203,
                      "y": 3,
                      "width": 16,
                      "height": 16
                    },
                    "preserveRatio": true,
                    "constraints": {
                      "vertical": "SCALE",
                      "horizontal": "SCALE"
                    },
                    "relativeTransform": [
                      [1, 0, 8],
                      [0, 1, 8]
                    ],
                    "size": {
                      "x": 16,
                      "y": 16
                    },
                    "fills": [
                      {
                        "blendMode": "NORMAL",
                        "type": "SOLID",
                        "color": {
                          "r": 0.30980393290519714,
                          "g": 0.7019608020782471,
                          "b": 0.9647058844566345,
                          "a": 1
                        }
                      }
                    ],
                    "fillGeometry": [
                      {
                        "path": "M16 8C16 12.4183 12.4183 16 8 16C3.58172 16 0 12.4183 0 8C0 3.58172 3.58172 0 8 0C12.4183 0 16 3.58172 16 8Z",
                        "windingRule": "NONZERO"
                      }
                    ],
                    "strokes": [],
                    "strokeWeight": 1,
                    "strokeAlign": "INSIDE",
                    "strokeGeometry": [],
                    "styles": {
                      "fill": "5:9"
                    },
                    "effects": []
                  }
                ],
                "absoluteBoundingBox": {
                  "x": -211,
                  "y": -5,
                  "width": 32,
                  "height": 32
                },
                "constraints": {
                  "vertical": "TOP",
                  "horizontal": "LEFT"
                },
                "relativeTransform": [
                  [1, 0, 0],
                  [0, 1, 0]
                ],
                "size": {
                  "x": 32,
                  "y": 32
                },
                "layoutAlign": "INHERIT",
                "layoutGrow": 0,
                "clipsContent": false,
                "background": [],
                "fills": [],
                "strokes": [],
                "strokeWeight": 1,
                "strokeAlign": "INSIDE",
                "backgroundColor": {
                  "r": 0,
                  "g": 0,
                  "b": 0,
                  "a": 0
                },
                "effects": []
              },
              {
                "id": "380:1118",
                "name": "Text here",
                "type": "TEXT",
                "blendMode": "PASS_THROUGH",
                "absoluteBoundingBox": {
                  "x": -163,
                  "y": 1,
                  "width": 63,
                  "height": 20
                },
                "constraints": {
                  "vertical": "TOP",
                  "horizontal": "LEFT"
                },
                "relativeTransform": [
                  [1, 0, 48],
                  [0, 1, 6]
                ],
                "size": {
                  "x": 63,
                  "y": 20
                },
                "layoutAlign": "INHERIT",
                "layoutGrow": 0,
                "fills": [
                  {
                    "blendMode": "NORMAL",
                    "type": "SOLID",
                    "color": {
                      "r": 0,
                      "g": 0,
                      "b": 0,
                      "a": 1
                    }
                  }
                ],
                "strokes": [],
                "strokeWeight": 1,
                "strokeAlign": "OUTSIDE",
                "strokeGeometry": [],
                "effects": [],
                "characters": "Text here",
                "style": {
                  "fontFamily": "ProximaNova",
                  "fontPostScriptName": "ProximaNova-Bold",
                  "fontWeight": 700,
                  "textAutoResize": "WIDTH_AND_HEIGHT",
                  "fontSize": 15,
                  "textAlignHorizontal": "LEFT",
                  "textAlignVertical": "CENTER",
                  "letterSpacing": 0,
                  "lineHeightPx": 20,
                  "lineHeightPercent": 113.77777862548828,
                  "lineHeightPercentFontSize": 133.3333282470703,
                  "lineHeightUnit": "PIXELS"
                },
                "characterStyleOverrides": [],
                "styleOverrideTable": {},
                "styles": {
                  "text": "273:4794"
                }
              }
            ],
            "absoluteBoundingBox": {
              "x": -211,
              "y": -5,
              "width": 111,
              "height": 32
            },
            "constraints": {
              "vertical": "SCALE",
              "horizontal": "SCALE"
            },
            "relativeTransform": [
              [1, 0, 11],
              [0, 1, 72]
            ],
            "size": {
              "x": 111,
              "y": 32
            },
            "clipsContent": false,
            "background": [],
            "fills": [],
            "strokes": [],
            "strokeWeight": 1,
            "strokeAlign": "INSIDE",
            "backgroundColor": {
              "r": 0,
              "g": 0,
              "b": 0,
              "a": 0
            },
            "layoutMode": "HORIZONTAL",
            "itemSpacing": 16,
            "counterAxisAlignItems": "CENTER",
            "exportSettings": [],
            "effects": []
          },
          {
            "id": "380:1081",
            "name": "size=xxs, checked=false",
            "type": "COMPONENT",
            "blendMode": "PASS_THROUGH",
            "children": [
              {
                "id": "380:1082",
                "name": "Frame 3",
                "type": "FRAME",
                "blendMode": "PASS_THROUGH",
                "children": [
                  {
                    "id": "380:1083",
                    "name": "Group 2",
                    "type": "GROUP",
                    "blendMode": "PASS_THROUGH",
                    "children": [
                      {
                        "id": "380:1086",
                        "name": "Rectangle",
                        "type": "RECTANGLE",
                        "blendMode": "PASS_THROUGH",
                        "absoluteBoundingBox": {
                          "x": -211,
                          "y": 73,
                          "width": 16,
                          "height": 16
                        },
                        "constraints": {
                          "vertical": "SCALE",
                          "horizontal": "SCALE"
                        },
                        "relativeTransform": [
                          [1, 0, 0],
                          [0, 1, 0]
                        ],
                        "size": {
                          "x": 16,
                          "y": 16
                        },
                        "fills": [
                          {
                            "blendMode": "NORMAL",
                            "type": "SOLID",
                            "color": {
                              "r": 1,
                              "g": 1,
                              "b": 1,
                              "a": 1
                            }
                          }
                        ],
                        "fillGeometry": [
                          {
                            "path": "M0 8C0 3.58172 3.58172 0 8 0L8 0C12.4183 0 16 3.58172 16 8L16 8C16 12.4183 12.4183 16 8 16L8 16C3.58172 16 0 12.4183 0 8L0 8Z",
                            "windingRule": "NONZERO"
                          }
                        ],
                        "strokes": [
                          {
                            "blendMode": "NORMAL",
                            "type": "SOLID",
                            "color": {
                              "r": 0.7647058963775635,
                              "g": 0.8196078538894653,
                              "b": 0.8666666746139526,
                              "a": 1
                            }
                          }
                        ],
                        "strokeWeight": 2,
                        "strokeAlign": "INSIDE",
                        "strokeGeometry": [
                          {
                            "path": "M8 14C4.68629 14 2 11.3137 2 8L-2 8C-2 13.5228 2.47715 18 8 18L8 14ZM14 8C14 11.3137 11.3137 14 8 14L8 18C13.5228 18 18 13.5228 18 8L14 8ZM8 2C11.3137 2 14 4.68629 14 8L18 8C18 2.47715 13.5228 -2 8 -2L8 2ZM8 -2C2.47715 -2 -2 2.47715 -2 8L2 8C2 4.68629 4.68629 2 8 2L8 -2Z",
                            "windingRule": "NONZERO"
                          }
                        ],
                        "styles": {
                          "fill": "5:3"
                        },
                        "exportSettings": [],
                        "effects": [],
                        "cornerRadius": 8
                      }
                    ],
                    "absoluteBoundingBox": {
                      "x": -211,
                      "y": 73,
                      "width": 16,
                      "height": 16
                    },
                    "constraints": {
                      "vertical": "TOP",
                      "horizontal": "LEFT"
                    },
                    "relativeTransform": [
                      [1, 0, 0],
                      [0, 1, 2]
                    ],
                    "size": {
                      "x": 16,
                      "y": 16
                    },
                    "layoutAlign": "INHERIT",
                    "layoutGrow": 0,
                    "clipsContent": false,
                    "background": [],
                    "fills": [],
                    "strokes": [],
                    "strokeWeight": 1,
                    "strokeAlign": "INSIDE",
                    "backgroundColor": {
                      "r": 0,
                      "g": 0,
                      "b": 0,
                      "a": 0
                    },
                    "effects": []
                  }
                ],
                "absoluteBoundingBox": {
                  "x": -211,
                  "y": 71,
                  "width": 16,
                  "height": 20
                },
                "constraints": {
                  "vertical": "TOP",
                  "horizontal": "LEFT"
                },
                "relativeTransform": [
                  [1, 0, 0],
                  [0, 1, 2]
                ],
                "size": {
                  "x": 16,
                  "y": 20
                },
                "layoutAlign": "INHERIT",
                "layoutGrow": 0,
                "clipsContent": false,
                "background": [],
                "fills": [],
                "strokes": [],
                "strokeWeight": 1,
                "strokeAlign": "INSIDE",
                "backgroundColor": {
                  "r": 0,
                  "g": 0,
                  "b": 0,
                  "a": 0
                },
                "layoutMode": "HORIZONTAL",
                "itemSpacing": 10,
                "counterAxisAlignItems": "CENTER",
                "paddingTop": 2,
                "paddingBottom": 2,
                "effects": []
              },
              {
                "id": "380:1085",
                "name": "Text here",
                "type": "TEXT",
                "blendMode": "PASS_THROUGH",
                "absoluteBoundingBox": {
                  "x": -179,
                  "y": 71,
                  "width": 63,
                  "height": 20
                },
                "constraints": {
                  "vertical": "SCALE",
                  "horizontal": "SCALE"
                },
                "relativeTransform": [
                  [1, 0, 32],
                  [0, 1, 2]
                ],
                "size": {
                  "x": 63,
                  "y": 20
                },
                "layoutAlign": "INHERIT",
                "layoutGrow": 0,
                "fills": [
                  {
                    "blendMode": "NORMAL",
                    "type": "SOLID",
                    "color": {
                      "r": 0,
                      "g": 0,
                      "b": 0,
                      "a": 1
                    }
                  }
                ],
                "strokes": [],
                "strokeWeight": 1,
                "strokeAlign": "OUTSIDE",
                "strokeGeometry": [],
                "effects": [],
                "characters": "Text here",
                "style": {
                  "fontFamily": "ProximaNova",
                  "fontPostScriptName": "ProximaNova-Bold",
                  "fontWeight": 700,
                  "textAutoResize": "WIDTH_AND_HEIGHT",
                  "fontSize": 15,
                  "textAlignHorizontal": "LEFT",
                  "textAlignVertical": "CENTER",
                  "letterSpacing": 0,
                  "lineHeightPx": 20,
                  "lineHeightPercent": 113.77777862548828,
                  "lineHeightPercentFontSize": 133.3333282470703,
                  "lineHeightUnit": "PIXELS"
                },
                "characterStyleOverrides": [],
                "styleOverrideTable": {},
                "styles": {
                  "text": "273:4794"
                }
              }
            ],
            "absoluteBoundingBox": {
              "x": -211,
              "y": 69,
              "width": 95,
              "height": 24
            },
            "constraints": {
              "vertical": "SCALE",
              "horizontal": "SCALE"
            },
            "relativeTransform": [
              [1, 0, 11],
              [0, 1, 146]
            ],
            "size": {
              "x": 95,
              "y": 24
            },
            "clipsContent": false,
            "background": [],
            "fills": [],
            "strokes": [],
            "strokeWeight": 1,
            "strokeAlign": "INSIDE",
            "backgroundColor": {
              "r": 0,
              "g": 0,
              "b": 0,
              "a": 0
            },
            "layoutMode": "HORIZONTAL",
            "itemSpacing": 16,
            "paddingTop": 2,
            "paddingBottom": 2,
            "exportSettings": [],
            "effects": []
          },
          {
            "id": "380:1108",
            "name": "size=s, checked=false",
            "type": "COMPONENT",
            "blendMode": "PASS_THROUGH",
            "children": [
              {
                "id": "380:1110",
                "name": "Group 2",
                "type": "GROUP",
                "blendMode": "PASS_THROUGH",
                "children": [
                  {
                    "id": "380:1119",
                    "name": "Rectangle",
                    "type": "RECTANGLE",
                    "blendMode": "PASS_THROUGH",
                    "absoluteBoundingBox": {
                      "x": -211,
                      "y": -57,
                      "width": 32,
                      "height": 32
                    },
                    "constraints": {
                      "vertical": "SCALE",
                      "horizontal": "SCALE"
                    },
                    "relativeTransform": [
                      [1, 0, 0],
                      [0, 1, 0]
                    ],
                    "size": {
                      "x": 32,
                      "y": 32
                    },
                    "fills": [
                      {
                        "blendMode": "NORMAL",
                        "type": "SOLID",
                        "color": {
                          "r": 1,
                          "g": 1,
                          "b": 1,
                          "a": 1
                        }
                      }
                    ],
                    "fillGeometry": [
                      {
                        "path": "M0 16C0 7.16344 7.16344 0 16 0L16 0C24.8366 0 32 7.16344 32 16L32 16C32 24.8366 24.8366 32 16 32L16 32C7.16344 32 0 24.8366 0 16L0 16Z",
                        "windingRule": "NONZERO"
                      }
                    ],
                    "strokes": [
                      {
                        "blendMode": "NORMAL",
                        "type": "SOLID",
                        "color": {
                          "r": 0.7647058963775635,
                          "g": 0.8196078538894653,
                          "b": 0.8666666746139526,
                          "a": 1
                        }
                      }
                    ],
                    "strokeWeight": 2,
                    "strokeAlign": "INSIDE",
                    "strokeGeometry": [
                      {
                        "path": "M16 30C8.26801 30 2 23.732 2 16L-2 16C-2 25.9411 6.05887 34 16 34L16 30ZM30 16C30 23.732 23.732 30 16 30L16 34C25.9411 34 34 25.9411 34 16L30 16ZM16 2C23.732 2 30 8.26801 30 16L34 16C34 6.05887 25.9411 -2 16 -2L16 2ZM16 -2C6.05887 -2 -2 6.05887 -2 16L2 16C2 8.26801 8.26801 2 16 2L16 -2Z",
                        "windingRule": "NONZERO"
                      }
                    ],
                    "styles": {
                      "fill": "5:3"
                    },
                    "exportSettings": [],
                    "effects": [],
                    "cornerRadius": 16
                  }
                ],
                "absoluteBoundingBox": {
                  "x": -211,
                  "y": -57,
                  "width": 32,
                  "height": 32
                },
                "constraints": {
                  "vertical": "TOP",
                  "horizontal": "LEFT"
                },
                "relativeTransform": [
                  [1, 0, 0],
                  [0, 1, 0]
                ],
                "size": {
                  "x": 32,
                  "y": 32
                },
                "layoutAlign": "INHERIT",
                "layoutGrow": 0,
                "clipsContent": false,
                "background": [],
                "fills": [],
                "strokes": [],
                "strokeWeight": 1,
                "strokeAlign": "INSIDE",
                "backgroundColor": {
                  "r": 0,
                  "g": 0,
                  "b": 0,
                  "a": 0
                },
                "effects": []
              },
              {
                "id": "380:1112",
                "name": "Text here",
                "type": "TEXT",
                "blendMode": "PASS_THROUGH",
                "absoluteBoundingBox": {
                  "x": -163,
                  "y": -51,
                  "width": 63,
                  "height": 20
                },
                "constraints": {
                  "vertical": "SCALE",
                  "horizontal": "SCALE"
                },
                "relativeTransform": [
                  [1, 0, 48],
                  [0, 1, 6]
                ],
                "size": {
                  "x": 63,
                  "y": 20
                },
                "layoutAlign": "INHERIT",
                "layoutGrow": 0,
                "fills": [
                  {
                    "blendMode": "NORMAL",
                    "type": "SOLID",
                    "color": {
                      "r": 0,
                      "g": 0,
                      "b": 0,
                      "a": 1
                    }
                  }
                ],
                "strokes": [],
                "strokeWeight": 1,
                "strokeAlign": "OUTSIDE",
                "strokeGeometry": [],
                "effects": [],
                "characters": "Text here",
                "style": {
                  "fontFamily": "ProximaNova",
                  "fontPostScriptName": "ProximaNova-Bold",
                  "fontWeight": 700,
                  "textAutoResize": "WIDTH_AND_HEIGHT",
                  "fontSize": 15,
                  "textAlignHorizontal": "LEFT",
                  "textAlignVertical": "CENTER",
                  "letterSpacing": 0,
                  "lineHeightPx": 20,
                  "lineHeightPercent": 113.77777862548828,
                  "lineHeightPercentFontSize": 133.3333282470703,
                  "lineHeightUnit": "PIXELS"
                },
                "characterStyleOverrides": [],
                "styleOverrideTable": {},
                "styles": {
                  "text": "273:4794"
                }
              }
            ],
            "absoluteBoundingBox": {
              "x": -211,
              "y": -57,
              "width": 111,
              "height": 32
            },
            "constraints": {
              "vertical": "SCALE",
              "horizontal": "SCALE"
            },
            "relativeTransform": [
              [1, 0, 11],
              [0, 1, 20]
            ],
            "size": {
              "x": 111,
              "y": 32
            },
            "clipsContent": false,
            "background": [],
            "fills": [],
            "strokes": [],
            "strokeWeight": 1,
            "strokeAlign": "INSIDE",
            "backgroundColor": {
              "r": 0,
              "g": 0,
              "b": 0,
              "a": 0
            },
            "layoutMode": "HORIZONTAL",
            "itemSpacing": 16,
            "counterAxisAlignItems": "CENTER",
            "exportSettings": [],
            "effects": []
          }
        ],
        "absoluteBoundingBox": {
          "x": -222,
          "y": -77,
          "width": 154,
          "height": 226
        },
        "constraints": {
          "vertical": "TOP",
          "horizontal": "LEFT"
        },
        "relativeTransform": [
          [1, 0, -222],
          [0, 1, -77]
        ],
        "size": {
          "x": 154,
          "y": 226
        },
        "clipsContent": true,
        "background": [],
        "fills": [],
        "strokes": [
          {
            "blendMode": "NORMAL",
            "type": "SOLID",
            "color": {
              "r": 0.48235294222831726,
              "g": 0.3803921639919281,
              "b": 1,
              "a": 1
            }
          }
        ],
        "cornerRadius": 5,
        "strokeWeight": 1,
        "strokeAlign": "INSIDE",
        "backgroundColor": {
          "r": 0,
          "g": 0,
          "b": 0,
          "a": 0
        },
        "effects": []
      },
      "components": {
        "380:1075": {
          "key": "2f07f179412e55f653ba1a903f32b95eeb38049f",
          "name": "size=xxs, checked=true",
          "description": "",
          "documentationLinks": []
        },
        "380:1113": {
          "key": "78267dcf27462a9ea3d5cf90c42370da8ce7f74e",
          "name": "size=s, checked=true",
          "description": "",
          "documentationLinks": []
        },
        "380:1081": {
          "key": "1c101991fee5637fc77ae3e9099dc176f457a4ae",
          "name": "size=xxs, checked=false",
          "description": "",
          "documentationLinks": []
        },
        "380:1108": {
          "key": "e585ede3c64c6d5e66de5bfc57f1740dfb1af001",
          "name": "size=s, checked=false",
          "description": "",
          "documentationLinks": []
        }
      },
      "schemaVersion": 0,
      "styles": {
        "5:3": {
          "key": "1e5a62b038902510da57f45cbfb669fa5988c586",
          "name": "Core/500 White Base",
          "styleType": "FILL",
          "description": ""
        },
        "5:9": {
          "key": "e4c6d1973c2bcfec94a0294b03d0970a261a934c",
          "name": "Core/700 Blue Dark",
          "styleType": "FILL",
          "description": ""
        },
        "273:4794": {
          "key": "fc7acc1a34b04c26843b032edf4fcc1f8e945903",
          "name": "Text/small/Bold",
          "styleType": "TEXT",
          "description": ""
        }
      }
    }
  }
}
